../Core/Inc/BNO055_STM32.h:26:6:bno055_assignI2C	16	static
../Core/Inc/BNO055_STM32.h:30:6:bno055_delay	16	static
../Core/Inc/BNO055_STM32.h:38:6:bno055_writeData	40	static
../Core/Inc/BNO055_STM32.h:103:6:bno055_readData	24	static
../Core/Src/main.c:294:7:radians	16	static
../Core/Src/main.c:298:7:degrees	16	static
../Core/Src/main.c:302:7:map	32	static
../Core/Src/main.c:306:7:constrain	24	static
../Core/Src/main.c:312:7:normalise_angle	16	static
../Core/Src/main.c:320:6:get_angle	40	static
../Core/Src/main.c:333:7:PIDCompute	32	static
../Core/Src/main.c:345:6:HeadingPID	16	static
../Core/Src/main.c:358:6:process_data	24	static
../Core/Src/main.c:399:6:find_wheel_vel	32	static
../Core/Src/main.c:416:6:rotate_motor	24	static
../Core/Src/main.c:424:7:linear_ramp	32	static
../Core/Src/main.c:440:6:updateAllRamps	16	static
../Core/Src/main.c:447:6:setVelocity	4	static
../Core/Src/main.c:459:6:STAFF_Init	8	static
../Core/Src/main.c:465:6:STAFF_Motor	8	static
../Core/Src/main.c:471:6:STAFF_Servo	8	static
../Core/Src/main.c:507:6:STAFF_Motion	8	static
../Core/Src/main.c:514:7:turretRampUpdate	40	static
../Core/Src/main.c:533:6:TurretMotor	16	static
../Core/Src/main.c:547:6:BeltMotor	8	static
../Core/Src/main.c:553:6:KFS_Pick_Servo	8	static
../Core/Src/main.c:568:6:ConveyerMotor	8	static
../Core/Src/main.c:576:6:M1_ODrive	8	static
../Core/Src/main.c:601:6:get_current_coordinates	16	static
../Core/Src/main.c:616:6:move1	64	static
../Core/Src/main.c:652:6:Navigation	4	static
../Core/Src/main.c:674:5:main	40	static
../Core/Src/main.c:809:6:SystemClock_Config	88	static
../Core/Src/main.c:859:13:MX_FMPI2C1_Init	8	static
../Core/Src/main.c:898:13:MX_I2C1_Init	8	static
../Core/Src/main.c:930:13:MX_I2C3_Init	8	static
../Core/Src/main.c:962:13:MX_TIM4_Init	64	static
../Core/Src/main.c:1021:13:MX_TIM5_Init	64	static
../Core/Src/main.c:1076:13:MX_TIM7_Init	16	static
../Core/Src/main.c:1112:13:MX_TIM8_Init	96	static
../Core/Src/main.c:1183:13:MX_TIM9_Init	56	static
../Core/Src/main.c:1235:13:MX_TIM11_Init	40	static
../Core/Src/main.c:1278:13:MX_TIM13_Init	40	static
../Core/Src/main.c:1321:13:MX_UART4_Init	8	static
../Core/Src/main.c:1352:13:MX_USART3_UART_Init	8	static
../Core/Src/main.c:1383:13:MX_GPIO_Init	56	static
../Core/Src/main.c:1440:6:HAL_TIM_PeriodElapsedCallback	16	static
../Core/Src/main.c:1458:6:Error_Handler	4	static,ignoring_inline_asm
