../Core/Src/main.c:67:7:constrain	24	static
../Core/Src/main.c:188:6:get_value	152	static
../Core/Src/main.c:307:5:main	16	static
../Core/Src/main.c:366:6:SystemClock_Config	88	static
../Core/Src/main.c:420:13:MX_I2C1_Init	8	static
../Core/Src/main.c:454:13:MX_TIM5_Init	32	static
../Core/Src/main.c:499:13:MX_TIM8_Init	96	static
../Core/Src/main.c:574:13:MX_TIM12_Init	56	static
../Core/Src/main.c:630:13:MX_TIM13_Init	40	static
../Core/Src/main.c:676:13:MX_USART3_UART_Init	8	static
../Core/Src/main.c:709:13:MX_GPIO_Init	56	static
../Core/Src/main.c:755:6:Error_Handler	4	static,ignoring_inline_asm
