../Core/Inc/BNO055_STM32.h:26:6:bno055_assignI2C	16	static
../Core/Inc/BNO055_STM32.h:30:6:bno055_delay	16	static
../Core/Inc/BNO055_STM32.h:38:6:bno055_writeData	40	static
../Core/Inc/BNO055_STM32.h:102:6:bno055_readData	24	static
../Core/Src/main.c:222:7:radians	16	static
../Core/Src/main.c:226:7:degrees	16	static
../Core/Src/main.c:230:7:map	32	static
../Core/Src/main.c:234:7:constrain	24	static
../Core/Src/main.c:245:7:normalise_angle	16	static
../Core/Src/main.c:255:6:get_angle	40	static
../Core/Src/main.c:262:6:process_data	16	static
../Core/Src/main.c:305:6:find_wheel_vel	32	static
../Core/Src/main.c:325:6:rotate_motor	24	static
../Core/Src/main.c:333:6:PID2	8	static
../Core/Src/main.c:349:6:STAFF_Motor	8	static
../Core/Src/main.c:367:6:STAFF_Init	8	static
../Core/Src/main.c:373:6:STAFF_Servo	8	static
../Core/Src/main.c:419:6:STAFF_Motion	8	static
../Core/Src/main.c:424:6:TurretMotor	8	static
../Core/Src/main.c:434:6:BeltMotor	8	static
../Core/Src/main.c:446:6:KFS_Pick_Servo	8	static
../Core/Src/main.c:490:6:ConveyerMotor	8	static
../Core/Src/main.c:553:6:M1_ODrive	8	static
../Core/Src/main.c:602:5:main	24	static
../Core/Src/main.c:731:6:SystemClock_Config	88	static
../Core/Src/main.c:781:13:MX_I2C1_Init	8	static
../Core/Src/main.c:813:13:MX_I2C3_Init	8	static
../Core/Src/main.c:845:13:MX_TIM4_Init	64	static
../Core/Src/main.c:904:13:MX_TIM5_Init	64	static
../Core/Src/main.c:959:13:MX_TIM7_Init	16	static
../Core/Src/main.c:995:13:MX_TIM8_Init	96	static
../Core/Src/main.c:1066:13:MX_TIM9_Init	56	static
../Core/Src/main.c:1118:13:MX_TIM11_Init	40	static
../Core/Src/main.c:1161:13:MX_TIM13_Init	40	static
../Core/Src/main.c:1204:13:MX_UART4_Init	8	static
../Core/Src/main.c:1235:13:MX_USART3_UART_Init	8	static
../Core/Src/main.c:1266:13:MX_GPIO_Init	56	static
../Core/Src/main.c:1323:6:HAL_TIM_PeriodElapsedCallback	16	static
../Core/Src/main.c:1341:6:Error_Handler	4	static,ignoring_inline_asm
