../Core/Src/main.c:141:6:get_value	160	static
../Core/Src/main.c:195:6:KFS_Motion	8	static
../Core/Src/main.c:238:5:main	24	static
../Core/Src/main.c:304:6:SystemClock_Config	88	static
../Core/Src/main.c:358:13:MX_I2C1_Init	8	static
../Core/Src/main.c:392:13:MX_I2C3_Init	8	static
../Core/Src/main.c:426:13:MX_TIM5_Init	32	static
../Core/Src/main.c:471:13:MX_TIM8_Init	96	static
../Core/Src/main.c:550:13:MX_USART3_UART_Init	8	static
../Core/Src/main.c:583:13:MX_GPIO_Init	32	static
../Core/Src/main.c:609:6:Error_Handler	4	static,ignoring_inline_asm
