../Core/Src/main.c:241:7:Radians	1
../Core/Src/main.c:245:7:Degrees	1
../Core/Src/main.c:253:7:constrain	3
../Core/Src/main.c:260:7:NormalizeAngle	3
../Core/Src/main.c:266:6:get_value	5
../Core/Src/main.c:322:6:KFS_PLACE_Motor	3
../Core/Src/main.c:340:6:KFS_PLACE_Servo	3
../Core/Src/main.c:353:6:KFS_PLACE_Motion	1
../Core/Src/main.c:359:6:STAFF_Motor	2
../Core/Src/main.c:386:6:STAFF_Servo	9
../Core/Src/main.c:433:6:STAFF_Motion	1
../Core/Src/main.c:440:6:KFS_PICK_Motor	5
../Core/Src/main.c:464:6:KFS_PICK_Servo	5
../Core/Src/main.c:483:6:KFS_PICK_Motion	1
../Core/Src/main.c:494:5:main	1
../Core/Src/main.c:572:6:SystemClock_Config	4
../Core/Src/main.c:626:13:MX_I2C1_Init	2
../Core/Src/main.c:660:13:MX_I2C3_Init	2
../Core/Src/main.c:694:13:MX_TIM5_Init	4
../Core/Src/main.c:739:13:MX_TIM8_Init	8
../Core/Src/main.c:818:13:MX_USART3_UART_Init	2
../Core/Src/main.c:851:13:MX_GPIO_Init	1
../Core/Src/main.c:877:6:Error_Handler	1
