../Core/Src/main.c:284:7:Radians	1
../Core/Src/main.c:288:7:Degrees	1
../Core/Src/main.c:296:7:constrain	3
../Core/Src/main.c:302:7:NormalizeAngle	3
../Core/Src/main.c:372:6:get_value	8
../Core/Src/main.c:429:6:KFS_PLACE_Motor	3
../Core/Src/main.c:447:6:KFS_PLACE_Servo	5
../Core/Src/main.c:477:6:KFS_PLACE_Motion	1
../Core/Src/main.c:483:6:STAFF_Motor	2
../Core/Src/main.c:494:6:STAFF_Servo	9
../Core/Src/main.c:541:6:STAFF_Motion	1
../Core/Src/main.c:548:6:KFS_PICK_Motor	5
../Core/Src/main.c:579:6:KFS_PICK_Servo	5
../Core/Src/main.c:598:6:KFS_PICK_Motion	1
../Core/Src/main.c:609:5:main	1
../Core/Src/main.c:698:6:SystemClock_Config	4
../Core/Src/main.c:752:13:MX_I2C1_Init	2
../Core/Src/main.c:786:13:MX_I2C3_Init	2
../Core/Src/main.c:820:13:MX_TIM5_Init	4
../Core/Src/main.c:865:13:MX_TIM8_Init	9
../Core/Src/main.c:948:13:MX_TIM12_Init	5
../Core/Src/main.c:1000:13:MX_USART3_UART_Init	2
../Core/Src/main.c:1033:13:MX_GPIO_Init	1
../Core/Src/main.c:1080:6:Error_Handler	1
