../Core/Src/main.c:250:7:degree2radian	16	static
../Core/Src/main.c:254:7:radian2degree	16	static
../Core/Src/main.c:258:6:map	24	static
../Core/Src/main.c:262:7:constrain	24	static
../Core/Src/main.c:277:6:BNO055_Init	32	static
../Core/Src/main.c:299:14:NormalizeAngle	16	static
../Core/Src/main.c:305:6:IMUTicKUpdate	32	static
../Core/Src/main.c:313:6:reMapData	16	static
../Core/Src/main.c:342:6:MotorInit	24	static
../Core/Src/main.c:349:6:MotorSet	24	static
../Core/Src/main.c:365:6:KinematicsControl	40	static
../Core/Src/main.c:381:6:KinematicsDrive	16	static
../Core/Src/main.c:388:6:RobotUpdateAngle	16	static
../Core/Src/main.c:392:7:PIDCompute	40	static
../Core/Src/main.c:414:6:PIDReset	16	static
../Core/Src/main.c:430:5:main	24	static
../Core/Src/main.c:583:6:SystemClock_Config	88	static
../Core/Src/main.c:637:13:MX_CAN1_Init	8	static
../Core/Src/main.c:674:13:MX_CAN2_Init	8	static
../Core/Src/main.c:711:13:MX_I2C1_Init	8	static
../Core/Src/main.c:745:13:MX_TIM1_Init	56	static
../Core/Src/main.c:795:13:MX_TIM2_Init	56	static
../Core/Src/main.c:844:13:MX_TIM3_Init	56	static
../Core/Src/main.c:893:13:MX_TIM4_Init	48	static
../Core/Src/main.c:954:13:MX_TIM5_Init	48	static
../Core/Src/main.c:1011:13:MX_TIM6_Init	16	static
../Core/Src/main.c:1049:13:MX_TIM8_Init	96	static
../Core/Src/main.c:1132:13:MX_TIM9_Init	40	static
../Core/Src/main.c:1178:13:MX_TIM10_Init	40	static
../Core/Src/main.c:1224:13:MX_TIM11_Init	40	static
../Core/Src/main.c:1270:13:MX_TIM12_Init	40	static
../Core/Src/main.c:1316:13:MX_TIM13_Init	40	static
../Core/Src/main.c:1362:13:MX_TIM14_Init	40	static
../Core/Src/main.c:1408:13:MX_USART3_UART_Init	8	static
../Core/Src/main.c:1441:13:MX_GPIO_Init	40	static
../Core/Src/main.c:1462:6:HAL_TIM_PeriodElapsedCallback	16	static
../Core/Src/main.c:1470:6:HAL_CAN_RxFifo0MsgPendingCallback	16	static
../Core/Src/main.c:1483:6:Error_Handler	4	static,ignoring_inline_asm
