../Core/Inc/BNO055_STM32.h:26:6:bno055_assignI2C	16	static
../Core/Inc/BNO055_STM32.h:30:6:bno055_delay	16	static
../Core/Inc/BNO055_STM32.h:38:6:bno055_writeData	40	static
../Core/Inc/BNO055_STM32.h:102:6:bno055_readData	24	static
../Core/Src/main.c:198:7:radians	16	static
../Core/Src/main.c:202:7:degrees	16	static
../Core/Src/main.c:206:7:map	32	static
../Core/Src/main.c:210:7:constrain	24	static
../Core/Src/main.c:225:7:normalise_angle	16	static
../Core/Src/main.c:235:6:get_angle	40	static
../Core/Src/main.c:242:6:get_value	16	static
../Core/Src/main.c:301:6:find_wheel_vel	32	static
../Core/Src/main.c:321:6:rotate_motor	24	static
../Core/Src/main.c:329:6:PID2	8	static
../Core/Src/main.c:343:6:STAFF_Motor	8	static
../Core/Src/main.c:362:6:STAFF_Servo	8	static
../Core/Src/main.c:409:6:STAFF_Motion	8	static
../Core/Src/main.c:414:6:TurretMotor	8	static
../Core/Src/main.c:424:6:BeltMotor	8	static
../Core/Src/main.c:436:6:KFS_Pick_Servo	8	static
../Core/Src/main.c:454:6:ConveyerMotor	8	static
../Core/Src/main.c:469:6:Screw_ODrive	8	static
../Core/Src/main.c:492:5:main	48	static
../Core/Src/main.c:631:6:SystemClock_Config	88	static
../Core/Src/main.c:681:13:MX_FMPI2C1_Init	8	static
../Core/Src/main.c:720:13:MX_I2C1_Init	8	static
../Core/Src/main.c:749:13:MX_I2C2_Init	8	static
../Core/Src/main.c:778:13:MX_I2C3_Init	8	static
../Core/Src/main.c:810:13:MX_TIM4_Init	64	static
../Core/Src/main.c:866:13:MX_TIM5_Init	64	static
../Core/Src/main.c:921:13:MX_TIM7_Init	16	static
../Core/Src/main.c:957:13:MX_TIM8_Init	96	static
../Core/Src/main.c:1028:13:MX_TIM9_Init	56	static
../Core/Src/main.c:1080:13:MX_TIM11_Init	40	static
../Core/Src/main.c:1123:13:MX_TIM13_Init	40	static
../Core/Src/main.c:1166:13:MX_USART3_UART_Init	8	static
../Core/Src/main.c:1194:13:MX_GPIO_Init	56	static
../Core/Src/main.c:1252:6:HAL_TIM_PeriodElapsedCallback	16	static
../Core/Src/main.c:1270:6:Error_Handler	4	static
