../Core/Inc/BNO055_STM32.h:26:6:bno055_assignI2C	16	static
../Core/Inc/BNO055_STM32.h:30:6:bno055_delay	16	static
../Core/Inc/BNO055_STM32.h:38:6:bno055_writeData	40	static
../Core/Inc/BNO055_STM32.h:103:6:bno055_readData	24	static
../Core/Src/main.c:234:7:radians	16	static
../Core/Src/main.c:238:7:degrees	16	static
../Core/Src/main.c:242:7:map	32	static
../Core/Src/main.c:246:7:constrain	24	static
../Core/Src/main.c:261:7:normalise_angle	16	static
../Core/Src/main.c:271:6:get_angle	40	static
../Core/Src/main.c:278:6:process_data	16	static
../Core/Src/main.c:321:6:find_wheel_vel	32	static
../Core/Src/main.c:341:6:rotate_motor	24	static
../Core/Src/main.c:349:6:PID2	8	static
../Core/Src/main.c:368:6:STAFF_Motor	8	static
../Core/Src/main.c:379:6:STAFF_Init	8	static
../Core/Src/main.c:394:6:STAFF_Servo	8	static
../Core/Src/main.c:439:6:STAFF_Motion	8	static
../Core/Src/main.c:460:7:turretRampUpdate	40	static
../Core/Src/main.c:487:6:TurretMotor	16	static
../Core/Src/main.c:508:6:BeltMotor	8	static
../Core/Src/main.c:538:6:KFS_Pick_Servo	8	static
../Core/Src/main.c:561:6:ConveyerMotor	8	static
../Core/Src/main.c:587:6:M1_ODrive	8	static
../Core/Src/main.c:638:7:linear_ramp	32	static
../Core/Src/main.c:659:6:updateAllRamps	16	static
../Core/Src/main.c:666:6:setVelocity	4	static
../Core/Src/main.c:682:6:get_current_coordinates	48	static
../Core/Src/main.c:718:6:move1	48	static
../Core/Src/main.c:793:6:NavigateTo	32	static
../Core/Src/main.c:844:6:handleNavButton	8	static
../Core/Src/main.c:959:5:main	40	static
../Core/Src/main.c:1097:6:SystemClock_Config	88	static
../Core/Src/main.c:1147:13:MX_FMPI2C1_Init	8	static
../Core/Src/main.c:1186:13:MX_I2C1_Init	8	static
../Core/Src/main.c:1218:13:MX_I2C3_Init	8	static
../Core/Src/main.c:1250:13:MX_TIM4_Init	64	static
../Core/Src/main.c:1309:13:MX_TIM5_Init	64	static
../Core/Src/main.c:1364:13:MX_TIM7_Init	16	static
../Core/Src/main.c:1400:13:MX_TIM8_Init	96	static
../Core/Src/main.c:1471:13:MX_TIM9_Init	56	static
../Core/Src/main.c:1523:13:MX_TIM11_Init	40	static
../Core/Src/main.c:1566:13:MX_TIM13_Init	40	static
../Core/Src/main.c:1609:13:MX_UART4_Init	8	static
../Core/Src/main.c:1640:13:MX_USART3_UART_Init	8	static
../Core/Src/main.c:1671:13:MX_GPIO_Init	56	static
../Core/Src/main.c:1728:6:HAL_TIM_PeriodElapsedCallback	16	static
../Core/Src/main.c:1746:6:Error_Handler	4	static,ignoring_inline_asm
