../Core/Inc/BNO055_STM32.h:26:6:bno055_assignI2C	16	static
../Core/Inc/BNO055_STM32.h:30:6:bno055_delay	16	static
../Core/Inc/BNO055_STM32.h:38:6:bno055_writeData	40	static
../Core/Inc/BNO055_STM32.h:102:6:bno055_readData	24	static
../Core/Src/main.c:220:7:radians	16	static
../Core/Src/main.c:224:7:degrees	16	static
../Core/Src/main.c:228:7:map	32	static
../Core/Src/main.c:232:7:constrain	24	static
../Core/Src/main.c:247:7:normalise_angle	16	static
../Core/Src/main.c:257:6:get_angle	40	static
../Core/Src/main.c:264:6:process_data	16	static
../Core/Src/main.c:307:6:find_wheel_vel	32	static
../Core/Src/main.c:327:6:rotate_motor	24	static
../Core/Src/main.c:335:6:PID2	8	static
../Core/Src/main.c:349:6:STAFF_Motor	8	static
../Core/Src/main.c:368:6:STAFF_Servo	8	static
../Core/Src/main.c:415:6:STAFF_Motion	8	static
../Core/Src/main.c:420:6:TurretMotor	8	static
../Core/Src/main.c:430:6:BeltMotor	8	static
../Core/Src/main.c:460:6:KFS_Pick_Servo	8	static
../Core/Src/main.c:483:6:ConveyerMotor	8	static
../Core/Src/main.c:498:6:M1_ODrive	8	static
../Core/Src/main.c:523:5:main	24	static
../Core/Src/main.c:649:6:SystemClock_Config	88	static
../Core/Src/main.c:703:13:MX_I2C1_Init	8	static
../Core/Src/main.c:737:13:MX_I2C3_Init	8	static
../Core/Src/main.c:771:13:MX_TIM4_Init	64	static
../Core/Src/main.c:834:13:MX_TIM5_Init	64	static
../Core/Src/main.c:893:13:MX_TIM7_Init	16	static
../Core/Src/main.c:931:13:MX_TIM8_Init	96	static
../Core/Src/main.c:1006:13:MX_TIM9_Init	56	static
../Core/Src/main.c:1062:13:MX_TIM11_Init	40	static
../Core/Src/main.c:1108:13:MX_TIM13_Init	40	static
../Core/Src/main.c:1154:13:MX_UART4_Init	8	static
../Core/Src/main.c:1187:13:MX_USART3_UART_Init	8	static
../Core/Src/main.c:1220:13:MX_GPIO_Init	56	static
../Core/Src/main.c:1278:6:HAL_TIM_PeriodElapsedCallback	16	static
../Core/Src/main.c:1296:6:Error_Handler	4	static,ignoring_inline_asm
