../Core/Inc/BNO055_STM32.h:26:6:bno055_assignI2C	16	static
../Core/Inc/BNO055_STM32.h:30:6:bno055_delay	16	static
../Core/Inc/BNO055_STM32.h:38:6:bno055_writeData	40	static
../Core/Inc/BNO055_STM32.h:102:6:bno055_readData	24	static
../Core/Src/main.c:225:7:radians	16	static
../Core/Src/main.c:229:7:degrees	16	static
../Core/Src/main.c:233:7:map	32	static
../Core/Src/main.c:237:7:constrain	24	static
../Core/Src/main.c:248:7:normalise_angle	16	static
../Core/Src/main.c:258:6:get_angle	40	static
../Core/Src/main.c:265:6:process_data	16	static
../Core/Src/main.c:308:6:find_wheel_vel	32	static
../Core/Src/main.c:328:6:rotate_motor	24	static
../Core/Src/main.c:336:6:PID2	8	static
../Core/Src/main.c:355:6:STAFF_Motor	8	static
../Core/Src/main.c:373:6:STAFF_Servo	8	static
../Core/Src/main.c:419:6:STAFF_Motion	8	static
../Core/Src/main.c:424:6:TurretMotor	8	static
../Core/Src/main.c:434:6:BeltMotor	8	static
../Core/Src/main.c:464:6:KFS_Pick_Servo	8	static
../Core/Src/main.c:490:6:ConveyerMotor	8	static
../Core/Src/main.c:551:6:M1_ODrive	8	static
../Core/Src/main.c:600:5:main	24	static
../Core/Src/main.c:728:6:SystemClock_Config	88	static
../Core/Src/main.c:782:13:MX_FMPI2C1_Init	8	static
../Core/Src/main.c:823:13:MX_I2C1_Init	8	static
../Core/Src/main.c:857:13:MX_I2C3_Init	8	static
../Core/Src/main.c:891:13:MX_TIM4_Init	64	static
../Core/Src/main.c:954:13:MX_TIM5_Init	64	static
../Core/Src/main.c:1013:13:MX_TIM7_Init	16	static
../Core/Src/main.c:1051:13:MX_TIM8_Init	96	static
../Core/Src/main.c:1126:13:MX_TIM9_Init	56	static
../Core/Src/main.c:1182:13:MX_TIM11_Init	40	static
../Core/Src/main.c:1228:13:MX_TIM13_Init	40	static
../Core/Src/main.c:1274:13:MX_UART4_Init	8	static
../Core/Src/main.c:1307:13:MX_USART3_UART_Init	8	static
../Core/Src/main.c:1340:13:MX_GPIO_Init	56	static
../Core/Src/main.c:1398:6:HAL_TIM_PeriodElapsedCallback	16	static
../Core/Src/main.c:1416:6:Error_Handler	4	static,ignoring_inline_asm
