../Core/Inc/BNO055_STM32.h:26:6:bno055_assignI2C	16	static
../Core/Inc/BNO055_STM32.h:30:6:bno055_delay	16	static
../Core/Inc/BNO055_STM32.h:38:6:bno055_writeData	40	static
../Core/Inc/BNO055_STM32.h:102:6:bno055_readData	24	static
../Core/Src/main.c:199:7:radians	16	static
../Core/Src/main.c:203:7:degrees	16	static
../Core/Src/main.c:207:7:map	32	static
../Core/Src/main.c:211:7:constrain	24	static
../Core/Src/main.c:226:7:normalise_angle	16	static
../Core/Src/main.c:236:6:get_angle	40	static
../Core/Src/main.c:243:6:get_value	16	static
../Core/Src/main.c:303:6:find_wheel_vel	32	static
../Core/Src/main.c:323:6:rotate_motor	24	static
../Core/Src/main.c:331:6:PID2	8	static
../Core/Src/main.c:345:6:STAFF_Motor	8	static
../Core/Src/main.c:364:6:STAFF_Servo	8	static
../Core/Src/main.c:411:6:STAFF_Motion	8	static
../Core/Src/main.c:416:6:TurretMotor	8	static
../Core/Src/main.c:426:6:BeltMotor	8	static
../Core/Src/main.c:438:6:KFS_Pick_Servo	8	static
../Core/Src/main.c:456:6:ConveyerMotor	8	static
../Core/Src/main.c:471:6:Screw_ODrive	8	static
../Core/Src/main.c:494:5:main	48	static
../Core/Src/main.c:635:6:SystemClock_Config	88	static
../Core/Src/main.c:689:13:MX_I2C1_Init	8	static
../Core/Src/main.c:720:13:MX_I2C3_Init	8	static
../Core/Src/main.c:754:13:MX_TIM4_Init	64	static
../Core/Src/main.c:814:13:MX_TIM5_Init	64	static
../Core/Src/main.c:873:13:MX_TIM7_Init	16	static
../Core/Src/main.c:911:13:MX_TIM8_Init	96	static
../Core/Src/main.c:986:13:MX_TIM9_Init	56	static
../Core/Src/main.c:1042:13:MX_TIM11_Init	40	static
../Core/Src/main.c:1088:13:MX_TIM13_Init	40	static
../Core/Src/main.c:1134:13:MX_UART4_Init	8	static
../Core/Src/main.c:1168:13:MX_USART3_UART_Init	8	static
../Core/Src/main.c:1198:13:MX_GPIO_Init	56	static
../Core/Src/main.c:1265:6:HAL_TIM_PeriodElapsedCallback	16	static
../Core/Src/main.c:1277:6:HAL_UART_RxCpltCallback	16	static
../Core/Src/main.c:1290:6:Error_Handler	4	static
