../Core/Inc/BNO055_STM32.h:26:6:bno055_assignI2C	16	static
../Core/Inc/BNO055_STM32.h:30:6:bno055_delay	16	static
../Core/Inc/BNO055_STM32.h:38:6:bno055_writeData	40	static
../Core/Inc/BNO055_STM32.h:102:6:bno055_readData	24	static
../Core/Src/main.c:250:7:radians	16	static
../Core/Src/main.c:254:7:degrees	16	static
../Core/Src/main.c:258:7:map	32	static
../Core/Src/main.c:262:7:constrain	24	static
../Core/Src/main.c:273:7:normalise_angle	16	static
../Core/Src/main.c:283:6:get_angle	40	static
../Core/Src/main.c:290:6:process_data	16	static
../Core/Src/main.c:333:6:find_wheel_vel	32	static
../Core/Src/main.c:353:6:rotate_motor	24	static
../Core/Src/main.c:360:6:PID2	8	static
../Core/Src/main.c:377:6:STAFF_Motor	8	static
../Core/Src/main.c:395:6:STAFF_Init	8	static
../Core/Src/main.c:401:6:STAFF_Servo	8	static
../Core/Src/main.c:447:6:STAFF_Motion	8	static
../Core/Src/main.c:469:7:turretRampUpdate	40	static
../Core/Src/main.c:496:6:TurretMotor	16	static
../Core/Src/main.c:517:6:BeltMotor	8	static
../Core/Src/main.c:529:6:KFS_Pick_Servo	8	static
../Core/Src/main.c:573:6:ConveyerMotor	8	static
../Core/Src/main.c:635:6:M1_ODrive	8	static
../Core/Src/main.c:730:7:linear_ramp	32	static
../Core/Src/main.c:751:6:updateAllRamps	16	static
../Core/Src/main.c:758:6:setVelocity	4	static
../Core/Src/main.c:780:5:main	32	static
../Core/Src/main.c:911:6:SystemClock_Config	88	static
../Core/Src/main.c:961:13:MX_I2C1_Init	8	static
../Core/Src/main.c:993:13:MX_I2C3_Init	8	static
../Core/Src/main.c:1025:13:MX_TIM4_Init	64	static
../Core/Src/main.c:1084:13:MX_TIM5_Init	64	static
../Core/Src/main.c:1139:13:MX_TIM7_Init	16	static
../Core/Src/main.c:1175:13:MX_TIM8_Init	96	static
../Core/Src/main.c:1246:13:MX_TIM9_Init	56	static
../Core/Src/main.c:1298:13:MX_TIM11_Init	40	static
../Core/Src/main.c:1341:13:MX_TIM13_Init	40	static
../Core/Src/main.c:1384:13:MX_UART4_Init	8	static
../Core/Src/main.c:1415:13:MX_USART3_UART_Init	8	static
../Core/Src/main.c:1446:13:MX_GPIO_Init	56	static
../Core/Src/main.c:1503:6:HAL_TIM_PeriodElapsedCallback	16	static
../Core/Src/main.c:1521:6:Error_Handler	4	static,ignoring_inline_asm
