../Core/Inc/BNO055_STM32.h:26:6:bno055_assignI2C	16	static
../Core/Inc/BNO055_STM32.h:30:6:bno055_delay	16	static
../Core/Inc/BNO055_STM32.h:38:6:bno055_writeData	40	static
../Core/Inc/BNO055_STM32.h:102:6:bno055_readData	24	static
../Core/Src/main.c:245:7:radians	16	static
../Core/Src/main.c:249:7:degrees	16	static
../Core/Src/main.c:253:7:map	32	static
../Core/Src/main.c:257:7:constrain	24	static
../Core/Src/main.c:268:7:normalise_angle	16	static
../Core/Src/main.c:278:6:get_angle	40	static
../Core/Src/main.c:285:6:process_data	16	static
../Core/Src/main.c:328:6:find_wheel_vel	32	static
../Core/Src/main.c:348:6:rotate_motor	24	static
../Core/Src/main.c:355:6:PID2	8	static
../Core/Src/main.c:371:6:STAFF_Motor	8	static
../Core/Src/main.c:389:6:STAFF_Init	8	static
../Core/Src/main.c:395:6:STAFF_Servo	8	static
../Core/Src/main.c:441:6:STAFF_Motion	8	static
../Core/Src/main.c:463:7:turretRampUpdate	40	static
../Core/Src/main.c:490:6:TurretMotor	16	static
../Core/Src/main.c:512:6:BeltMotor	8	static
../Core/Src/main.c:524:6:KFS_Pick_Servo	8	static
../Core/Src/main.c:568:6:ConveyerMotor	8	static
../Core/Src/main.c:630:6:M1_ODrive	8	static
../Core/Src/main.c:725:7:linear_ramp	32	static
../Core/Src/main.c:746:6:updateAllRamps	16	static
../Core/Src/main.c:758:5:main	32	static
../Core/Src/main.c:887:6:SystemClock_Config	88	static
../Core/Src/main.c:937:13:MX_I2C1_Init	8	static
../Core/Src/main.c:969:13:MX_I2C3_Init	8	static
../Core/Src/main.c:1001:13:MX_TIM4_Init	64	static
../Core/Src/main.c:1060:13:MX_TIM5_Init	64	static
../Core/Src/main.c:1115:13:MX_TIM7_Init	16	static
../Core/Src/main.c:1151:13:MX_TIM8_Init	96	static
../Core/Src/main.c:1222:13:MX_TIM9_Init	56	static
../Core/Src/main.c:1274:13:MX_TIM11_Init	40	static
../Core/Src/main.c:1317:13:MX_TIM13_Init	40	static
../Core/Src/main.c:1360:13:MX_UART4_Init	8	static
../Core/Src/main.c:1391:13:MX_USART3_UART_Init	8	static
../Core/Src/main.c:1422:13:MX_GPIO_Init	56	static
../Core/Src/main.c:1479:6:HAL_TIM_PeriodElapsedCallback	16	static
../Core/Src/main.c:1497:6:Error_Handler	4	static,ignoring_inline_asm
