../Core/Src/main.c:279:7:degree2radian	16	static
../Core/Src/main.c:283:7:radian2degree	16	static
../Core/Src/main.c:287:6:map	24	static
../Core/Src/main.c:291:7:constrain	24	static
../Core/Src/main.c:306:6:BNO055_Init	32	static
../Core/Src/main.c:328:14:NormalizeAngle	16	static
../Core/Src/main.c:334:6:IMUTicKUpdate	32	static
../Core/Src/main.c:342:6:reMapData	16	static
../Core/Src/main.c:371:6:MotorInit	24	static
../Core/Src/main.c:378:6:MotorSet	24	static
../Core/Src/main.c:394:6:KinematicsControl	40	static
../Core/Src/main.c:410:6:KinematicsDrive	16	static
../Core/Src/main.c:417:6:RobotUpdateAngle	16	static
../Core/Src/main.c:421:7:PIDCompute	40	static
../Core/Src/main.c:443:6:PIDReset	16	static
../Core/Src/main.c:450:6:EncodersInit	8	static
../Core/Src/main.c:461:6:EncodersUpdate	8	static
../Core/Src/main.c:467:6:OdometryInit	16	static
../Core/Src/main.c:485:6:OdometryUpdate	96	static
../Core/Src/main.c:525:6:PrintOdometry	56	static
../Core/Src/main.c:539:5:main	24	static
../Core/Src/main.c:699:6:SystemClock_Config	88	static
../Core/Src/main.c:753:13:MX_CAN1_Init	8	static
../Core/Src/main.c:790:13:MX_CAN2_Init	8	static
../Core/Src/main.c:827:13:MX_I2C1_Init	8	static
../Core/Src/main.c:861:13:MX_TIM1_Init	56	static
../Core/Src/main.c:911:13:MX_TIM2_Init	56	static
../Core/Src/main.c:960:13:MX_TIM3_Init	56	static
../Core/Src/main.c:1009:13:MX_TIM4_Init	48	static
../Core/Src/main.c:1070:13:MX_TIM5_Init	48	static
../Core/Src/main.c:1127:13:MX_TIM6_Init	16	static
../Core/Src/main.c:1165:13:MX_TIM8_Init	96	static
../Core/Src/main.c:1248:13:MX_TIM9_Init	40	static
../Core/Src/main.c:1294:13:MX_TIM10_Init	40	static
../Core/Src/main.c:1340:13:MX_TIM11_Init	40	static
../Core/Src/main.c:1386:13:MX_TIM12_Init	40	static
../Core/Src/main.c:1432:13:MX_TIM13_Init	40	static
../Core/Src/main.c:1478:13:MX_TIM14_Init	40	static
../Core/Src/main.c:1524:13:MX_USART3_UART_Init	8	static
../Core/Src/main.c:1557:13:MX_GPIO_Init	40	static
../Core/Src/main.c:1578:6:HAL_TIM_PeriodElapsedCallback	16	static
../Core/Src/main.c:1586:6:HAL_CAN_RxFifo0MsgPendingCallback	16	static
../Core/Src/main.c:1599:6:Error_Handler	4	static,ignoring_inline_asm
