../Core/Inc/BNO055_STM32.h:26:6:bno055_assignI2C	16	static
../Core/Inc/BNO055_STM32.h:30:6:bno055_delay	16	static
../Core/Inc/BNO055_STM32.h:38:6:bno055_writeData	40	static
../Core/Inc/BNO055_STM32.h:103:6:bno055_readData	24	static
../Core/Src/main.c:232:7:radians	16	static
../Core/Src/main.c:236:7:degrees	16	static
../Core/Src/main.c:240:7:map	32	static
../Core/Src/main.c:244:7:constrain	24	static
../Core/Src/main.c:259:7:normalise_angle	16	static
../Core/Src/main.c:269:6:get_angle	40	static
../Core/Src/main.c:276:6:process_data	16	static
../Core/Src/main.c:319:6:find_wheel_vel	32	static
../Core/Src/main.c:339:6:rotate_motor	24	static
../Core/Src/main.c:347:6:PID2	8	static
../Core/Src/main.c:365:6:STAFF_Motor	8	static
../Core/Src/main.c:384:6:STAFF_Servo	8	static
../Core/Src/main.c:429:6:STAFF_Motion	8	static
../Core/Src/main.c:450:7:turretRampUpdate	40	static
../Core/Src/main.c:477:6:TurretMotor	16	static
../Core/Src/main.c:498:6:BeltMotor	8	static
../Core/Src/main.c:528:6:KFS_Pick_Servo	8	static
../Core/Src/main.c:551:6:ConveyerMotor	8	static
../Core/Src/main.c:577:6:M1_ODrive	8	static
../Core/Src/main.c:628:7:linear_ramp	32	static
../Core/Src/main.c:649:6:updateAllRamps	16	static
../Core/Src/main.c:656:6:setVelocity	4	static
../Core/Src/main.c:673:6:get_current_coordinates	4	static
../Core/Src/main.c:847:5:main	32	static
../Core/Src/main.c:976:6:SystemClock_Config	88	static
../Core/Src/main.c:1026:13:MX_FMPI2C1_Init	8	static
../Core/Src/main.c:1065:13:MX_I2C1_Init	8	static
../Core/Src/main.c:1097:13:MX_I2C3_Init	8	static
../Core/Src/main.c:1129:13:MX_TIM4_Init	64	static
../Core/Src/main.c:1188:13:MX_TIM5_Init	64	static
../Core/Src/main.c:1243:13:MX_TIM7_Init	16	static
../Core/Src/main.c:1279:13:MX_TIM8_Init	96	static
../Core/Src/main.c:1350:13:MX_TIM9_Init	56	static
../Core/Src/main.c:1402:13:MX_TIM11_Init	40	static
../Core/Src/main.c:1445:13:MX_TIM13_Init	40	static
../Core/Src/main.c:1488:13:MX_UART4_Init	8	static
../Core/Src/main.c:1519:13:MX_USART3_UART_Init	8	static
../Core/Src/main.c:1550:13:MX_GPIO_Init	56	static
../Core/Src/main.c:1607:6:HAL_TIM_PeriodElapsedCallback	16	static
../Core/Src/main.c:1625:6:Error_Handler	4	static,ignoring_inline_asm
