../Core/Src/OdriveS1.c:25:13:uart_send	24	static
../Core/Src/OdriveS1.c:33:6:ODrive_readLine	40	static
../Core/Src/OdriveS1.c:61:6:ODrive_clearErrors	16	static
../Core/Src/OdriveS1.c:69:6:ODrive_closedLoopState	96	static
../Core/Src/OdriveS1.c:97:6:ODrive_setPosition	16	static
../Core/Src/OdriveS1.c:102:6:ODrive_setPosition_vff	24	static
../Core/Src/OdriveS1.c:107:6:ODrive_setPosition_vtff	136	static
../Core/Src/OdriveS1.c:119:6:ODrive_setVelocity	24	static
../Core/Src/OdriveS1.c:124:6:ODrive_setVelocity_tff	112	static
../Core/Src/OdriveS1.c:139:6:ODrive_setTorque	64	static
../Core/Src/OdriveS1.c:149:6:ODrive_trapezoidalMove	64	static
../Core/Src/OdriveS1.c:159:6:ODrive_goTo	24	static
../Core/Src/OdriveS1.c:173:16:ODrive_getFeedback	128	static
../Core/Src/OdriveS1.c:202:7:ODrive_getPosition	24	static
../Core/Src/OdriveS1.c:207:7:ODrive_getVelocity	24	static
../Core/Src/OdriveS1.c:215:6:ODrive_getParameterAsInt	144	static
../Core/Src/OdriveS1.c:225:7:ODrive_getParameterAsFloat	144	static
../Core/Src/OdriveS1.c:235:6:ODrive_setParameterStr	160	static
../Core/Src/OdriveS1.c:242:6:ODrive_setParameterInt	56	static
../Core/Src/OdriveS1.c:249:6:ODrive_setParameterAsFloat	64	static
../Core/Src/OdriveS1.c:259:6:ODrive_setState	16	static
../Core/Src/OdriveS1.c:264:6:ODrive_setMode	16	static
../Core/Src/OdriveS1.c:273:17:ODrive_getState	16	static
../Core/Src/OdriveS1.c:278:23:ODrive_getProcedureResult	16	static
../Core/Src/OdriveS1.c:283:13:ODrive_getError	16	static
