10:29:00 **** Incremental Build of configuration Debug for project 0002_3_DEAD_WHEEL ****
make -j4 all 
arm-none-eabi-gcc "../Core/Src/main.c" -mcpu=cortex-m4 -std=gnu11 -g3 -DDEBUG -DUSE_HAL_DRIVER -DSTM32F446xx -c -I../Core/Inc -I../Drivers/STM32F4xx_HAL_Driver/Inc -I../Drivers/STM32F4xx_HAL_Driver/Inc/Legacy -I../Drivers/CMSIS/Device/ST/STM32F4xx/Include -I../Drivers/CMSIS/Include -O0 -ffunction-sections -fdata-sections -Wall -fstack-usage -fcyclomatic-complexity -MMD -MP -MF"Core/Src/main.d" -MT"Core/Src/main.o" --specs=nano.specs -mfpu=fpv4-sp-d16 -mfloat-abi=hard -mthumb -o "Core/Src/main.o"
../Core/Src/main.c:104:29: warning: 'canRxHeader' defined but not used [-Wunused-variable]
  104 | static CAN_RxHeaderTypeDef  canRxHeader;
      |                             ^~~~~~~~~~~
arm-none-eabi-gcc -o "0002_3_DEAD_WHEEL.elf" @"objects.list"   -mcpu=cortex-m4 -T"G:\WINDOWS\EVERYTHING\COLLEGE\AUTOMATONS\2026\RYUK\0002_3_DEAD_WHEEL\STM32F446ZETX_FLASH.ld" --specs=nosys.specs -Wl,-Map="0002_3_DEAD_WHEEL.map" -Wl,--gc-sections -static --specs=nano.specs -mfpu=fpv4-sp-d16 -mfloat-abi=hard -mthumb -u _printf_float -u _scanf_float -Wl,--start-group -lc -lm -Wl,--end-group
Finished building target: 0002_3_DEAD_WHEEL.elf
 
arm-none-eabi-size  0002_3_DEAD_WHEEL.elf 
arm-none-eabi-objdump -h -S 0002_3_DEAD_WHEEL.elf  > "0002_3_DEAD_WHEEL.list"
   text	   data	    bss	    dec	    hex	filename
  52972	    492	   3252	  56716	   dd8c	0002_3_DEAD_WHEEL.elf
Finished building: default.size.stdout
 
Finished building: 0002_3_DEAD_WHEEL.list
 

10:29:04 Build Finished. 0 errors, 1 warnings. (took 3s.425ms)

