11:58:47 **** Incremental Build of configuration Debug for project 0002_3_DEAD_WHEEL ****
make -j4 all 
arm-none-eabi-gcc "../Core/Src/Encoderlib.c" -mcpu=cortex-m4 -std=gnu11 -g3 -DDEBUG -DUSE_HAL_DRIVER -DSTM32F446xx -c -I../Core/Inc -I../Drivers/STM32F4xx_HAL_Driver/Inc -I../Drivers/STM32F4xx_HAL_Driver/Inc/Legacy -I../Drivers/CMSIS/Device/ST/STM32F4xx/Include -I../Drivers/CMSIS/Include -O0 -ffunction-sections -fdata-sections -Wall -fstack-usage -fcyclomatic-complexity -MMD -MP -MF"Core/Src/Encoderlib.d" -MT"Core/Src/Encoderlib.o" --specs=nano.specs -mfpu=fpv4-sp-d16 -mfloat-abi=hard -mthumb -o "Core/Src/Encoderlib.o"
arm-none-eabi-gcc -o "0002_3_DEAD_WHEEL.elf" @"objects.list"   -mcpu=cortex-m4 -T"G:\WINDOWS\EVERYTHING\COLLEGE\AUTOMATONS\2026\RYUK\0002_3_DEAD_WHEEL\STM32F446ZETX_FLASH.ld" --specs=nosys.specs -Wl,-Map="0002_3_DEAD_WHEEL.map" -Wl,--gc-sections -static --specs=nano.specs -mfpu=fpv4-sp-d16 -mfloat-abi=hard -mthumb -u _printf_float -u _scanf_float -Wl,--start-group -lc -lm -Wl,--end-group
Finished building target: 0002_3_DEAD_WHEEL.elf
 
arm-none-eabi-size  0002_3_DEAD_WHEEL.elf 
arm-none-eabi-objdump -h -S 0002_3_DEAD_WHEEL.elf  > "0002_3_DEAD_WHEEL.list"
   text	   data	    bss	    dec	    hex	filename
  56452	    492	   3472	  60416	   ec00	0002_3_DEAD_WHEEL.elf
Finished building: default.size.stdout
 
Finished building: 0002_3_DEAD_WHEEL.list
 

11:58:52 Build Finished. 0 errors, 0 warnings. (took 4s.909ms)

