17:33:40 **** Incremental Build of configuration Debug for project 0004_DEAD_WHEEL_ONLY_F407 ****
make -j4 all 
arm-none-eabi-gcc "../Core/Src/main.c" -mcpu=cortex-m4 -std=gnu11 -g3 -DDEBUG -DUSE_HAL_DRIVER -DSTM32F407xx -c -I../Core/Inc -I../Drivers/STM32F4xx_HAL_Driver/Inc -I../Drivers/STM32F4xx_HAL_Driver/Inc/Legacy -I../Drivers/CMSIS/Device/ST/STM32F4xx/Include -I../Drivers/CMSIS/Include -I../USB_DEVICE/App -I../USB_DEVICE/Target -I../Middlewares/ST/STM32_USB_Device_Library/Core/Inc -I../Middlewares/ST/STM32_USB_Device_Library/Class/CDC/Inc -O0 -ffunction-sections -fdata-sections -Wall -fstack-usage -fcyclomatic-complexity -MMD -MP -MF"Core/Src/main.d" -MT"Core/Src/main.o" --specs=nano.specs -mfpu=fpv4-sp-d16 -mfloat-abi=hard -mthumb -o "Core/Src/main.o"
arm-none-eabi-gcc -o "0004_DEAD_WHEEL_ONLY_F407.elf" @"objects.list"   -mcpu=cortex-m4 -T"G:\WINDOWS\EVERYTHING\COLLEGE\AUTOMATONS\2026\RYUK\0004_DEAD_WHEEL_ONLY_F407\STM32F407VGTX_FLASH.ld" --specs=nosys.specs -Wl,-Map="0004_DEAD_WHEEL_ONLY_F407.map" -Wl,--gc-sections -static --specs=nano.specs -mfpu=fpv4-sp-d16 -mfloat-abi=hard -mthumb -u _printf_float -u _scanf_float -Wl,--start-group -lc -lm -Wl,--end-group
Finished building target: 0004_DEAD_WHEEL_ONLY_F407.elf
 
arm-none-eabi-size  0004_DEAD_WHEEL_ONLY_F407.elf 
arm-none-eabi-objdump -h -S 0004_DEAD_WHEEL_ONLY_F407.elf  > "0004_DEAD_WHEEL_ONLY_F407.list"
   text	   data	    bss	    dec	    hex	filename
  60448	    708	   9664	  70820	  114a4	0004_DEAD_WHEEL_ONLY_F407.elf
Finished building: default.size.stdout
 
Finished building: 0004_DEAD_WHEEL_ONLY_F407.list
 

17:33:42 Build Finished. 0 errors, 0 warnings. (took 2s.245ms)

