09:40:33 **** Incremental Build of configuration Debug for project 3000_COMMUNICATION_ONLY ****
make -j4 all 
arm-none-eabi-gcc "../Core/Src/main.c" -mcpu=cortex-m4 -std=gnu11 -g3 -DDEBUG -DUSE_HAL_DRIVER -DSTM32F446xx -c -I../Core/Inc -I../Drivers/STM32F4xx_HAL_Driver/Inc -I../Drivers/STM32F4xx_HAL_Driver/Inc/Legacy -I../Drivers/CMSIS/Device/ST/STM32F4xx/Include -I../Drivers/CMSIS/Include -O0 -ffunction-sections -fdata-sections -Wall -fstack-usage -fcyclomatic-complexity -MMD -MP -MF"Core/Src/main.d" -MT"Core/Src/main.o" --specs=nano.specs -mfpu=fpv4-sp-d16 -mfloat-abi=hard -mthumb -o "Core/Src/main.o"
arm-none-eabi-gcc -o "3000_COMMUNICATION_ONLY.elf" @"objects.list"   -mcpu=cortex-m4 -T"G:\WINDOWS\EVERYTHING\COLLEGE\AUTOMATONS\2026\RYUK\3000_COMMUNICATION_ONLY\STM32F446ZETX_FLASH.ld" --specs=nosys.specs -Wl,-Map="3000_COMMUNICATION_ONLY.map" -Wl,--gc-sections -static --specs=nano.specs -mfpu=fpv4-sp-d16 -mfloat-abi=hard -mthumb -Wl,--start-group -lc -lm -Wl,--end-group
Finished building target: 3000_COMMUNICATION_ONLY.elf
 
arm-none-eabi-size  3000_COMMUNICATION_ONLY.elf 
arm-none-eabi-objdump -h -S 3000_COMMUNICATION_ONLY.elf  > "3000_COMMUNICATION_ONLY.list"
   text	   data	    bss	    dec	    hex	filename
  18032	     92	   2476	  20600	   5078	3000_COMMUNICATION_ONLY.elf
Finished building: default.size.stdout
 
Finished building: 3000_COMMUNICATION_ONLY.list
 

09:40:57 Build Finished. 0 errors, 0 warnings. (took 23s.769ms)

