11:04:23 **** Incremental Build of configuration Debug for project 3001_MECHANISMS_TEST ****
make -j4 all 
arm-none-eabi-gcc "../Core/Src/main.c" -mcpu=cortex-m4 -std=gnu11 -g3 -DDEBUG -DUSE_HAL_DRIVER -DSTM32F446xx -c -I../Core/Inc -I../Drivers/STM32F4xx_HAL_Driver/Inc -I../Drivers/STM32F4xx_HAL_Driver/Inc/Legacy -I../Drivers/CMSIS/Device/ST/STM32F4xx/Include -I../Drivers/CMSIS/Include -O0 -ffunction-sections -fdata-sections -Wall -fstack-usage -fcyclomatic-complexity -MMD -MP -MF"Core/Src/main.d" -MT"Core/Src/main.o" --specs=nano.specs -mfpu=fpv4-sp-d16 -mfloat-abi=hard -mthumb -o "Core/Src/main.o"
arm-none-eabi-gcc -o "3001_MECHANISMS_TEST.elf" @"objects.list"   -mcpu=cortex-m4 -T"G:\WINDOWS\EVERYTHING\COLLEGE\AUTOMATONS\2026\RYUK\3001_MECHANISMS_TEST\STM32F446ZETX_FLASH.ld" --specs=nosys.specs -Wl,-Map="3001_MECHANISMS_TEST.map" -Wl,--gc-sections -static --specs=nano.specs -mfpu=fpv4-sp-d16 -mfloat-abi=hard -mthumb -Wl,--start-group -lc -lm -Wl,--end-group
Finished building target: 3001_MECHANISMS_TEST.elf
 
arm-none-eabi-size  3001_MECHANISMS_TEST.elf 
arm-none-eabi-objdump -h -S 3001_MECHANISMS_TEST.elf  > "3001_MECHANISMS_TEST.list"
   text	   data	    bss	    dec	    hex	filename
  25264	     92	   2652	  28008	   6d68	3001_MECHANISMS_TEST.elf
Finished building: default.size.stdout
 
Finished building: 3001_MECHANISMS_TEST.list
 

11:04:26 Build Finished. 0 errors, 0 warnings. (took 2s.871ms)

