19:55:48 **** Incremental Build of configuration Debug for project 4002_OdriveS1_Test ****
make -j4 all 
arm-none-eabi-gcc "../Core/Src/main.c" -mcpu=cortex-m4 -std=gnu11 -g3 -DDEBUG -DUSE_HAL_DRIVER -DSTM32F446xx -c -I../Core/Inc -I../Drivers/STM32F4xx_HAL_Driver/Inc -I../Drivers/STM32F4xx_HAL_Driver/Inc/Legacy -I../Drivers/CMSIS/Device/ST/STM32F4xx/Include -I../Drivers/CMSIS/Include -O0 -ffunction-sections -fdata-sections -Wall -fstack-usage -fcyclomatic-complexity -MMD -MP -MF"Core/Src/main.d" -MT"Core/Src/main.o" --specs=nano.specs -mfpu=fpv4-sp-d16 -mfloat-abi=hard -mthumb -o "Core/Src/main.o"
arm-none-eabi-gcc -o "4002_OdriveS1_Test.elf" @"objects.list"   -mcpu=cortex-m4 -T"G:\WINDOWS\EVERYTHING\COLLEGE\AUTOMATONS\2026\RYUK\4002_OdriveS1_Test\STM32F446ZETX_FLASH.ld" --specs=nosys.specs -Wl,-Map="4002_OdriveS1_Test.map" -Wl,--gc-sections -static -u _printf_float --specs=nano.specs -mfpu=fpv4-sp-d16 -mfloat-abi=hard -mthumb -Wl,--start-group -lc -lm -Wl,--end-group
Finished building target: 4002_OdriveS1_Test.elf
 
arm-none-eabi-size  4002_OdriveS1_Test.elf 
arm-none-eabi-objdump -h -S 4002_OdriveS1_Test.elf  > "4002_OdriveS1_Test.list"
   text	   data	    bss	    dec	    hex	filename
  25252	    468	   1980	  27700	   6c34	4002_OdriveS1_Test.elf
Finished building: default.size.stdout
 
Finished building: 4002_OdriveS1_Test.list
 

19:55:49 Build Finished. 0 errors, 0 warnings. (took 1s.247ms)

