00:05:22 **** Incremental Build of configuration Debug for project 4002_ODRIVE_INTEGRATE ****
make -j4 all 
arm-none-eabi-gcc "../Core/Src/main.c" -mcpu=cortex-m4 -std=gnu11 -g3 -DDEBUG -DUSE_HAL_DRIVER -DSTM32F446xx -c -I../Core/Inc -I../Drivers/STM32F4xx_HAL_Driver/Inc -I../Drivers/STM32F4xx_HAL_Driver/Inc/Legacy -I../Drivers/CMSIS/Device/ST/STM32F4xx/Include -I../Drivers/CMSIS/Include -O0 -ffunction-sections -fdata-sections -Wall -fstack-usage -fcyclomatic-complexity -MMD -MP -MF"Core/Src/main.d" -MT"Core/Src/main.o" --specs=nano.specs -mfpu=fpv4-sp-d16 -mfloat-abi=hard -mthumb -o "Core/Src/main.o"
arm-none-eabi-gcc -o "4002_ODRIVE_INTEGRATE.elf" @"objects.list"   -mcpu=cortex-m4 -T"G:\WINDOWS\EVERYTHING\COLLEGE\AUTOMATONS\2026\RYUK\4002_ODRIVE_INTEGRATE\STM32F446ZETX_FLASH.ld" --specs=nosys.specs -Wl,-Map="4002_ODRIVE_INTEGRATE.map" -Wl,--gc-sections -static -u _printf_float --specs=nano.specs -mfpu=fpv4-sp-d16 -mfloat-abi=hard -mthumb -Wl,--start-group -lc -lm -Wl,--end-group
Finished building target: 4002_ODRIVE_INTEGRATE.elf
 
arm-none-eabi-size  4002_ODRIVE_INTEGRATE.elf 
arm-none-eabi-objdump -h -S 4002_ODRIVE_INTEGRATE.elf  > "4002_ODRIVE_INTEGRATE.list"
   text	   data	    bss	    dec	    hex	filename
  60828	    492	   3164	  64484	   fbe4	4002_ODRIVE_INTEGRATE.elf
Finished building: default.size.stdout
 
Finished building: 4002_ODRIVE_INTEGRATE.list
 

00:05:27 Build Finished. 0 errors, 0 warnings. (took 5s.158ms)

