12:27:15 **** Incremental Build of configuration Debug for project 4004_CLEAN_INTEGRATE ****
make -j4 all 
arm-none-eabi-gcc "../Core/Src/main.c" -mcpu=cortex-m4 -std=gnu11 -g3 -DDEBUG -DUSE_HAL_DRIVER -DSTM32F446xx -c -I../Core/Inc -I../Drivers/STM32F4xx_HAL_Driver/Inc -I../Drivers/STM32F4xx_HAL_Driver/Inc/Legacy -I../Drivers/CMSIS/Device/ST/STM32F4xx/Include -I../Drivers/CMSIS/Include -O0 -ffunction-sections -fdata-sections -Wall -fstack-usage -fcyclomatic-complexity -MMD -MP -MF"Core/Src/main.d" -MT"Core/Src/main.o" --specs=nano.specs -mfpu=fpv4-sp-d16 -mfloat-abi=hard -mthumb -o "Core/Src/main.o"
arm-none-eabi-gcc -o "4004_CLEAN_INTEGRATE.elf" @"objects.list"   -mcpu=cortex-m4 -T"G:\WINDOWS\EVERYTHING\COLLEGE\AUTOMATONS\2026\RYUK\4004_CLEAN_INTEGRATE\STM32F446ZETX_FLASH.ld" --specs=nosys.specs -Wl,-Map="4004_CLEAN_INTEGRATE.map" -Wl,--gc-sections -static -u _printf_float --specs=nano.specs -mfpu=fpv4-sp-d16 -mfloat-abi=hard -mthumb -Wl,--start-group -lc -lm -Wl,--end-group
Finished building target: 4004_CLEAN_INTEGRATE.elf
 
arm-none-eabi-size  4004_CLEAN_INTEGRATE.elf 
arm-none-eabi-objdump -h -S 4004_CLEAN_INTEGRATE.elf  > "4004_CLEAN_INTEGRATE.list"
   text	   data	    bss	    dec	    hex	filename
  58444	    496	   3072	  62012	   f23c	4004_CLEAN_INTEGRATE.elf
Finished building: default.size.stdout
 
Finished building: 4004_CLEAN_INTEGRATE.list
 

12:27:17 Build Finished. 0 errors, 0 warnings. (took 2s.263ms)

