02:32:19 **** Build of configuration Debug for project 4005_P2P ****
make -j4 all 
arm-none-eabi-gcc "../Core/Src/main.c" -mcpu=cortex-m4 -std=gnu11 -g3 -DDEBUG -DUSE_HAL_DRIVER -DSTM32F446xx -c -I../Core/Inc -I../Drivers/STM32F4xx_HAL_Driver/Inc -I../Drivers/STM32F4xx_HAL_Driver/Inc/Legacy -I../Drivers/CMSIS/Device/ST/STM32F4xx/Include -I../Drivers/CMSIS/Include -O0 -ffunction-sections -fdata-sections -Wall -fstack-usage -fcyclomatic-complexity -MMD -MP -MF"Core/Src/main.d" -MT"Core/Src/main.o" --specs=nano.specs -mfpu=fpv4-sp-d16 -mfloat-abi=hard -mthumb -o "Core/Src/main.o"
In file included from ../Core/Inc/BNO055_STM32.h:22,
                 from ../Core/Src/main.c:34:
../Core/Inc/bno055.h:32:1: warning: multi-line comment [-Wcomment]
   32 | //#define ERROR_WRITE_FAIL                                                       \
      | ^
../Core/Inc/bno055.h:37:1: warning: multi-line comment [-Wcomment]
   37 | //#define ERROR_BUS_OVERRUN_ERR                                                  \
      | ^
../Core/Inc/bno055.h:39:1: warning: multi-line comment [-Wcomment]
   39 | //#define ERROR_MAX_LEN_ERR                                                      \
      | ^
../Core/Inc/bno055.h:42:1: warning: multi-line comment [-Wcomment]
   42 | //#define ERROR_RECV_CHAR_TIMEOUT                                                \
      | ^
arm-none-eabi-gcc -o "4005_P2P.elf" @"objects.list"   -mcpu=cortex-m4 -T"G:\WINDOWS\EVERYTHING\COLLEGE\AUTOMATONS\2026\RYUK\4005_P2P\STM32F446ZETX_FLASH.ld" --specs=nosys.specs -Wl,-Map="4005_P2P.map" -Wl,--gc-sections -static -u _printf_float --specs=nano.specs -mfpu=fpv4-sp-d16 -mfloat-abi=hard -mthumb -Wl,--start-group -lc -lm -Wl,--end-group
Finished building target: 4005_P2P.elf
 
arm-none-eabi-size  4005_P2P.elf 
arm-none-eabi-objdump -h -S 4005_P2P.elf  > "4005_P2P.list"
   text	   data	    bss	    dec	    hex	filename
  63252	    580	   3176	  67008	  105c0	4005_P2P.elf
Finished building: default.size.stdout
 
Finished building: 4005_P2P.list
 

02:32:28 Build Finished. 0 errors, 4 warnings. (took 9s.125ms)

