04:59:41 **** Incremental Build of configuration Debug for project 5001_VIDHANI ****
make -j4 all 
arm-none-eabi-gcc "../Core/Src/main.c" -mcpu=cortex-m4 -std=gnu11 -g3 -DDEBUG -DUSE_HAL_DRIVER -DSTM32F446xx -c -I../Core/Inc -I../Drivers/STM32F4xx_HAL_Driver/Inc -I../Drivers/STM32F4xx_HAL_Driver/Inc/Legacy -I../Drivers/CMSIS/Device/ST/STM32F4xx/Include -I../Drivers/CMSIS/Include -O0 -ffunction-sections -fdata-sections -Wall -fstack-usage -fcyclomatic-complexity -MMD -MP -MF"Core/Src/main.d" -MT"Core/Src/main.o" --specs=nano.specs -mfpu=fpv4-sp-d16 -mfloat-abi=hard -mthumb -o "Core/Src/main.o"
arm-none-eabi-gcc -o "5001_VIDHANI.elf" @"objects.list"   -mcpu=cortex-m4 -T"G:\WINDOWS\EVERYTHING\COLLEGE\AUTOMATONS\2026\RYUK\5001_VIDHANI\STM32F446ZETX_FLASH.ld" --specs=nosys.specs -Wl,-Map="5001_VIDHANI.map" -Wl,--gc-sections -static --specs=nano.specs -mfpu=fpv4-sp-d16 -mfloat-abi=hard -mthumb -Wl,--start-group -lc -lm -Wl,--end-group
Finished building target: 5001_VIDHANI.elf
 
arm-none-eabi-size  5001_VIDHANI.elf 
arm-none-eabi-objdump -h -S 5001_VIDHANI.elf  > "5001_VIDHANI.list"
   text	   data	    bss	    dec	    hex	filename
  44804	    104	   3568	  48476	   bd5c	5001_VIDHANI.elf
Finished building: default.size.stdout
 
Finished building: 5001_VIDHANI.list
 

04:59:47 Build Finished. 0 errors, 0 warnings. (took 5s.247ms)

