16:27:20 **** Incremental Build of configuration Debug for project 5003_UART_INTEGRATE ****
make -j4 all 
arm-none-eabi-gcc "../Core/Src/main.c" -mcpu=cortex-m4 -std=gnu11 -g3 -DDEBUG -DUSE_HAL_DRIVER -DSTM32F446xx -c -I../Core/Inc -I../Drivers/STM32F4xx_HAL_Driver/Inc -I../Drivers/STM32F4xx_HAL_Driver/Inc/Legacy -I../Drivers/CMSIS/Device/ST/STM32F4xx/Include -I../Drivers/CMSIS/Include -O0 -ffunction-sections -fdata-sections -Wall -fstack-usage -fcyclomatic-complexity -MMD -MP -MF"Core/Src/main.d" -MT"Core/Src/main.o" --specs=nano.specs -mfpu=fpv4-sp-d16 -mfloat-abi=hard -mthumb -o "Core/Src/main.o"
arm-none-eabi-gcc "../Core/Src/stm32f4xx_it.c" -mcpu=cortex-m4 -std=gnu11 -g3 -DDEBUG -DUSE_HAL_DRIVER -DSTM32F446xx -c -I../Core/Inc -I../Drivers/STM32F4xx_HAL_Driver/Inc -I../Drivers/STM32F4xx_HAL_Driver/Inc/Legacy -I../Drivers/CMSIS/Device/ST/STM32F4xx/Include -I../Drivers/CMSIS/Include -O0 -ffunction-sections -fdata-sections -Wall -fstack-usage -fcyclomatic-complexity -MMD -MP -MF"Core/Src/stm32f4xx_it.d" -MT"Core/Src/stm32f4xx_it.o" --specs=nano.specs -mfpu=fpv4-sp-d16 -mfloat-abi=hard -mthumb -o "Core/Src/stm32f4xx_it.o"
arm-none-eabi-gcc "../Core/Src/system_stm32f4xx.c" -mcpu=cortex-m4 -std=gnu11 -g3 -DDEBUG -DUSE_HAL_DRIVER -DSTM32F446xx -c -I../Core/Inc -I../Drivers/STM32F4xx_HAL_Driver/Inc -I../Drivers/STM32F4xx_HAL_Driver/Inc/Legacy -I../Drivers/CMSIS/Device/ST/STM32F4xx/Include -I../Drivers/CMSIS/Include -O0 -ffunction-sections -fdata-sections -Wall -fstack-usage -fcyclomatic-complexity -MMD -MP -MF"Core/Src/system_stm32f4xx.d" -MT"Core/Src/system_stm32f4xx.o" --specs=nano.specs -mfpu=fpv4-sp-d16 -mfloat-abi=hard -mthumb -o "Core/Src/system_stm32f4xx.o"
../Core/Src/main.c: In function 'get_value':
../Core/Src/main.c:246:9: warning: this 'if' clause does not guard... [-Wmisleading-indentation]
  246 |         if( UARTFlag )
      |         ^~
../Core/Src/main.c:250:17: note: ...this statement, but the latter is misleadingly indented as if it were guarded by the 'if'
  250 |                 up = ((data[0] & (1 << 0)) ? 1 : 0);
      |                 ^~
../Core/Src/main.c: In function 'main':
../Core/Src/main.c:556:38: warning: pointer targets in passing argument 2 of 'HAL_UART_Receive_IT' differ in signedness [-Wpointer-sign]
  556 |         HAL_UART_Receive_IT(&huart4, data, data_size);
      |                                      ^~~~
      |                                      |
      |                                      int8_t * {aka signed char *}
In file included from ../Core/Inc/stm32f4xx_hal_conf.h:411,
                 from ../Drivers/STM32F4xx_HAL_Driver/Inc/stm32f4xx_hal.h:29,
                 from ../Core/Inc/main.h:30,
                 from ../Core/Src/main.c:4:
../Drivers/STM32F4xx_HAL_Driver/Inc/stm32f4xx_hal_uart.h:748:75: note: expected 'uint8_t *' {aka 'unsigned char *'} but argument is of type 'int8_t *' {aka 'signed char *'}
  748 | HAL_StatusTypeDef HAL_UART_Receive_IT(UART_HandleTypeDef *huart, uint8_t *pData, uint16_t Size);
      |                                                                  ~~~~~~~~~^~~~~
../Core/Src/main.c: In function 'HAL_UART_RxCpltCallback':
../Core/Src/main.c:1280:38: warning: pointer targets in passing argument 2 of 'HAL_UART_Receive_IT' differ in signedness [-Wpointer-sign]
 1280 |         HAL_UART_Receive_IT(&huart4, data, data_size);
      |                                      ^~~~
      |                                      |
      |                                      int8_t * {aka signed char *}
../Drivers/STM32F4xx_HAL_Driver/Inc/stm32f4xx_hal_uart.h:748:75: note: expected 'uint8_t *' {aka 'unsigned char *'} but argument is of type 'int8_t *' {aka 'signed char *'}
  748 | HAL_StatusTypeDef HAL_UART_Receive_IT(UART_HandleTypeDef *huart, uint8_t *pData, uint16_t Size);
      |                                                                  ~~~~~~~~~^~~~~
arm-none-eabi-gcc -o "5003_UART_INTEGRATE.elf" @"objects.list"   -mcpu=cortex-m4 -T"G:\WINDOWS\EVERYTHING\COLLEGE\AUTOMATONS\2026\RYUK\5003_UART_INTEGRATE\STM32F446ZETX_FLASH.ld" --specs=nosys.specs -Wl,-Map="5003_UART_INTEGRATE.map" -Wl,--gc-sections -static --specs=nano.specs -mfpu=fpv4-sp-d16 -mfloat-abi=hard -mthumb -u _printf_float -u _scanf_float -Wl,--start-group -lc -lm -Wl,--end-group
Finished building target: 5003_UART_INTEGRATE.elf
 
arm-none-eabi-size  5003_UART_INTEGRATE.elf 
arm-none-eabi-objdump -h -S 5003_UART_INTEGRATE.elf  > "5003_UART_INTEGRATE.list"
   text	   data	    bss	    dec	    hex	filename
  67140	    492	   3364	  70996	  11554	5003_UART_INTEGRATE.elf
Finished building: default.size.stdout
 
Finished building: 5003_UART_INTEGRATE.list
 

16:27:36 Build Finished. 0 errors, 3 warnings. (took 16s.398ms)

