23:58:52 **** Incremental Build of configuration Debug for project lund ****
make -j4 all 
arm-none-eabi-gcc "../Core/Src/main.c" -mcpu=cortex-m4 -std=gnu11 -g3 -DDEBUG -DUSE_HAL_DRIVER -DSTM32F446xx -c -I../Core/Inc -I../Drivers/STM32F4xx_HAL_Driver/Inc -I../Drivers/STM32F4xx_HAL_Driver/Inc/Legacy -I../Drivers/CMSIS/Device/ST/STM32F4xx/Include -I../Drivers/CMSIS/Include -O0 -ffunction-sections -fdata-sections -Wall -fstack-usage -fcyclomatic-complexity -MMD -MP -MF"Core/Src/main.d" -MT"Core/Src/main.o" --specs=nano.specs -mfpu=fpv4-sp-d16 -mfloat-abi=hard -mthumb -o "Core/Src/main.o"
arm-none-eabi-gcc -o "lund.elf" @"objects.list"   -mcpu=cortex-m4 -T"G:\WINDOWS\EVERYTHING\COLLEGE\AUTOMATONS\2026\RYUK\lund\STM32F446ZETX_FLASH.ld" --specs=nosys.specs -Wl,-Map="lund.map" -Wl,--gc-sections -static --specs=nano.specs -mfpu=fpv4-sp-d16 -mfloat-abi=hard -mthumb -Wl,--start-group -lc -lm -Wl,--end-group
Finished building target: lund.elf
 
arm-none-eabi-size  lund.elf 
arm-none-eabi-objdump -h -S lund.elf  > "lund.list"
   text	   data	    bss	    dec	    hex	filename
  11312	     12	   1668	  12992	   32c0	lund.elf
Finished building: default.size.stdout
 
Finished building: lund.list
 

23:58:56 Build Finished. 0 errors, 0 warnings. (took 4s.502ms)

