22:50:22 **** Incremental Build of configuration Debug for project NUCLEO_OMNI_I2C ****
make -j4 all 
arm-none-eabi-gcc "../Core/Src/main.c" -mcpu=cortex-m4 -std=gnu11 -g3 -DDEBUG -DUSE_HAL_DRIVER -DSTM32F446xx -c -I../Core/Inc -I../Drivers/STM32F4xx_HAL_Driver/Inc -I../Drivers/STM32F4xx_HAL_Driver/Inc/Legacy -I../Drivers/CMSIS/Device/ST/STM32F4xx/Include -I../Drivers/CMSIS/Include -O0 -ffunction-sections -fdata-sections -Wall -fstack-usage -fcyclomatic-complexity -MMD -MP -MF"Core/Src/main.d" -MT"Core/Src/main.o" --specs=nano.specs -mfpu=fpv4-sp-d16 -mfloat-abi=hard -mthumb -o "Core/Src/main.o"
arm-none-eabi-gcc "../Core/Src/system_stm32f4xx.c" -mcpu=cortex-m4 -std=gnu11 -g3 -DDEBUG -DUSE_HAL_DRIVER -DSTM32F446xx -c -I../Core/Inc -I../Drivers/STM32F4xx_HAL_Driver/Inc -I../Drivers/STM32F4xx_HAL_Driver/Inc/Legacy -I../Drivers/CMSIS/Device/ST/STM32F4xx/Include -I../Drivers/CMSIS/Include -O0 -ffunction-sections -fdata-sections -Wall -fstack-usage -fcyclomatic-complexity -MMD -MP -MF"Core/Src/system_stm32f4xx.d" -MT"Core/Src/system_stm32f4xx.o" --specs=nano.specs -mfpu=fpv4-sp-d16 -mfloat-abi=hard -mthumb -o "Core/Src/system_stm32f4xx.o"
../Core/Src/main.c: In function 'get_enc_value':
../Core/Src/main.c:507:18: warning: unused variable 'midTheta' [-Wunused-variable]
  507 |           double midTheta = prevTheta + ( delTheta / 2.0 );
      |                  ^~~~~~~~
arm-none-eabi-gcc -o "NUCLEO_OMNI_I2C.elf" @"objects.list"   -mcpu=cortex-m4 -T"G:\WINDOWS\EVERYTHING\COLLEGE\AUTOMATONS\2026\RYUK\NUCLEO_OMNI_I2C\STM32F446ZETX_FLASH.ld" --specs=nosys.specs -Wl,-Map="NUCLEO_OMNI_I2C.map" -Wl,--gc-sections -static --specs=nano.specs -mfpu=fpv4-sp-d16 -mfloat-abi=hard -mthumb -u _printf_float -u _scanf_float -Wl,--start-group -lc -lm -Wl,--end-group
Finished building target: NUCLEO_OMNI_I2C.elf
 
arm-none-eabi-size  NUCLEO_OMNI_I2C.elf 
arm-none-eabi-objdump -h -S NUCLEO_OMNI_I2C.elf  > "NUCLEO_OMNI_I2C.list"
   text	   data	    bss	    dec	    hex	filename
  53132	    480	   3128	  56740	   dda4	NUCLEO_OMNI_I2C.elf
Finished building: default.size.stdout
 
Finished building: NUCLEO_OMNI_I2C.list
 

22:50:23 Build Finished. 0 errors, 1 warnings. (took 1s.211ms)

