../Core/Src/main.c:308:7:Radians	16	static
../Core/Src/main.c:312:7:Degrees	16	static
../Core/Src/main.c:316:6:map	24	static
../Core/Src/main.c:320:7:constrain	24	static
../Core/Src/main.c:327:7:NormalizeAngle	16	static
../Core/Src/main.c:334:6:BNO055_Init	32	static
../Core/Src/main.c:347:6:GetAngle	32	static
../Core/Src/main.c:394:6:GetControllerValue	56	static
../Core/Src/main.c:441:6:RotateMotors	24	static
../Core/Src/main.c:457:6:AngularPIDCompute	16	static
../Core/Src/main.c:470:6:OdometryUpdate	56	static
../Core/Src/main.c:546:6:Move	112	static
../Core/Src/main.c:596:6:NavigateTo	120	static
../Core/Src/main.c:645:5:main	56	static
../Core/Src/main.c:742:6:SystemClock_Config	88	static
../Core/Src/main.c:792:13:MX_I2C1_Init	8	static
../Core/Src/main.c:823:13:MX_I2C2_Init	8	static
../Core/Src/main.c:854:13:MX_TIM1_Init	56	static
../Core/Src/main.c:901:13:MX_TIM2_Init	56	static
../Core/Src/main.c:947:13:MX_TIM3_Init	56	static
../Core/Src/main.c:991:13:MX_TIM4_Init	64	static
../Core/Src/main.c:1064:13:MX_TIM5_Init	32	static
../Core/Src/main.c:1108:13:MX_TIM9_Init	56	static
../Core/Src/main.c:1165:13:MX_USART3_UART_Init	8	static
../Core/Src/main.c:1195:13:MX_GPIO_Init	56	static
../Core/Src/main.c:1225:6:HAL_TIM_PeriodElapsedCallback	16	static
../Core/Src/main.c:1243:6:Error_Handler	4	static,ignoring_inline_asm
