../Core/Src/SPIT.c:10:6:spitCheck	8	static
../Core/Src/SPIT.c:23:6:spitDefault	16	static
../Core/Src/SPIT.c:28:13:spitWrite	16	static
../Core/Src/SPIT.c:35:6:spitStr	16	static
../Core/Src/SPIT.c:40:6:spitLnStr	16	static
../Core/Src/SPIT.c:47:6:spitChar	16	static
../Core/Src/SPIT.c:51:6:spitLnChar	16	static
../Core/Src/SPIT.c:57:6:spitInt	32	static
../Core/Src/SPIT.c:63:6:spitLnInt	16	static
../Core/Src/SPIT.c:69:6:spitUInt	32	static
../Core/Src/SPIT.c:75:6:spitLnUInt	16	static
../Core/Src/SPIT.c:81:6:spitFloatDefault	152	static
../Core/Src/SPIT.c:87:6:spitLnFloatDefault	16	static
../Core/Src/SPIT.c:93:6:spitFloat	176	static
../Core/Src/SPIT.c:104:6:spitLnFloat	24	static
../Core/Src/SPIT.c:109:6:spitf	144	static
../Core/Src/SPIT.c:120:6:spitLnf	144	static
../Core/Src/SPIT.c:133:13:spitBase	64	static
../Core/Src/SPIT.c:164:6:spitHex	16	static
../Core/Src/SPIT.c:168:6:spitLnHex	16	static
../Core/Src/SPIT.c:174:6:spitOct	16	static
../Core/Src/SPIT.c:178:6:spitLnOct	16	static
../Core/Src/SPIT.c:184:6:spitBin	16	static
../Core/Src/SPIT.c:188:6:spitLnBin	16	static
